"2026-05-11 12:30:50,586 INFO  [main] com.tpe.student_management.StudentManagementApplication:Starting StudentManagementApplication using Java 21.0.9 with PID 15308 (C:\Users\user\Desktop\JAVA\B368-370-DEV\backend\10 - Backend Project\student_management\target\classes started by user in C:\Users\user\Desktop\JAVA\B368-370-DEV\backend\10 - Backend Project\student_management)
""2026-05-11 12:30:50,592 INFO  [main] com.tpe.student_management.StudentManagementApplication:No active profile set, falling back to 1 default profile: "default"
""2026-05-11 12:30:51,569 INFO  [main] org.springframework.data.repository.config.RepositoryConfigurationDelegate:Bootstrapping Spring Data JPA repositories in DEFAULT mode.
""2026-05-11 12:30:51,670 INFO  [main] org.springframework.data.repository.config.RepositoryConfigurationDelegate:Finished Spring Data repository scanning in 89 ms. Found 8 JPA repository interfaces.
""2026-05-11 12:30:52,412 INFO  [main] org.springframework.boot.web.embedded.tomcat.TomcatWebServer:Tomcat initialized with port 8080 (http)
""2026-05-11 12:30:52,431 INFO  [main] org.apache.catalina.core.StandardService:Starting service [Tomcat]
""2026-05-11 12:30:52,431 INFO  [main] org.apache.catalina.core.StandardEngine:Starting Servlet engine: [Apache Tomcat/10.1.53]
""2026-05-11 12:30:52,567 INFO  [main] org.apache.catalina.core.ContainerBase.[Tomcat].[localhost].[/]:Initializing Spring embedded WebApplicationContext
""2026-05-11 12:30:52,567 INFO  [main] org.springframework.boot.web.servlet.context.ServletWebServerApplicationContext:Root WebApplicationContext: initialization completed in 1924 ms
""2026-05-11 12:30:52,796 INFO  [main] org.hibernate.jpa.internal.util.LogHelper:HHH000204: Processing PersistenceUnitInfo [name: default]
""2026-05-11 12:30:52,870 INFO  [main] org.hibernate.Version:HHH000412: Hibernate ORM core version 6.6.45.Final
""2026-05-11 12:30:52,908 INFO  [main] org.hibernate.cache.internal.RegionFactoryInitiator:HHH000026: Second-level cache disabled
""2026-05-11 12:30:53,203 INFO  [main] org.springframework.orm.jpa.persistenceunit.SpringPersistenceUnitInfo:No LoadTimeWeaver setup: ignoring JPA class transformer
""2026-05-11 12:30:53,238 INFO  [main] com.zaxxer.hikari.HikariDataSource:HikariPool-1 - Starting...
""2026-05-11 12:30:53,429 INFO  [main] com.zaxxer.hikari.pool.HikariPool:HikariPool-1 - Added connection org.postgresql.jdbc.PgConnection@603d25db
""2026-05-11 12:30:53,431 INFO  [main] com.zaxxer.hikari.HikariDataSource:HikariPool-1 - Start completed.
""2026-05-11 12:30:53,471 WARN  [main] org.hibernate.orm.deprecation:HHH90000025: PostgreSQLDialect does not need to be specified explicitly using 'hibernate.dialect' (remove the property setting and it will be selected by default)
""2026-05-11 12:30:53,489 INFO  [main] org.hibernate.orm.connections.pooling:HHH10001005: Database info:
	Database JDBC URL [Connecting through datasource 'HikariDataSource (HikariPool-1)']
	Database driver: undefined/unknown
	Database version: 18.1
	Autocommit mode: undefined/unknown
	Isolation level: undefined/unknown
	Minimum pool size: undefined/unknown
	Maximum pool size: undefined/unknown
""2026-05-11 12:30:54,539 INFO  [main] org.hibernate.engine.transaction.jta.platform.internal.JtaPlatformInitiator:HHH000489: No JTA platform available (set 'hibernate.transaction.jta.platform' to enable JTA platform integration)
""2026-05-11 12:30:54,777 INFO  [main] org.springframework.orm.jpa.LocalContainerEntityManagerFactoryBean:Initialized JPA EntityManagerFactory for persistence unit 'default'
""2026-05-11 12:30:55,268 INFO  [main] org.springframework.security.config.annotation.authentication.configuration.InitializeUserDetailsBeanManagerConfigurer$InitializeUserDetailsManagerConfigurer:Global AuthenticationManager configured with UserDetailsService bean with name userDetailsServiceImpl
""2026-05-11 12:30:55,309 INFO  [main] org.springframework.data.jpa.repository.query.QueryEnhancerFactory:Hibernate is in classpath; If applicable, HQL parser will be used.
""2026-05-11 12:30:56,376 WARN  [main] org.springframework.boot.autoconfigure.orm.jpa.JpaBaseConfiguration$JpaWebConfiguration:spring.jpa.open-in-view is enabled by default. Therefore, database queries may be performed during view rendering. Explicitly configure spring.jpa.open-in-view to disable this warning
""2026-05-11 12:30:57,178 INFO  [main] org.springframework.boot.web.embedded.tomcat.TomcatWebServer:Tomcat started on port 8080 (http) with context path '/'
""2026-05-11 12:30:57,186 INFO  [main] com.tpe.student_management.StudentManagementApplication:Started StudentManagementApplication in 7.084 seconds (process running for 8.122)
""2026-05-11 12:30:57,339 WARN  [main] org.springdoc.core.events.SpringDocAppInitializer:SpringDoc /v3/api-docs endpoint is enabled by default. To disable it in production, set the property 'springdoc.api-docs.enabled=false'
""2026-05-11 12:30:57,339 WARN  [main] org.springdoc.core.events.SpringDocAppInitializer:SpringDoc /swagger-ui.html endpoint is enabled by default. To disable it in production, set the property 'springdoc.swagger-ui.enabled=false'
""2026-05-11 12:42:58,981 INFO  [SpringApplicationShutdownHook] org.springframework.boot.web.embedded.tomcat.GracefulShutdown:Commencing graceful shutdown. Waiting for active requests to complete
""2026-05-11 12:42:58,986 INFO  [tomcat-shutdown] org.springframework.boot.web.embedded.tomcat.GracefulShutdown:Graceful shutdown complete
""2026-05-11 12:42:58,991 INFO  [SpringApplicationShutdownHook] org.springframework.orm.jpa.LocalContainerEntityManagerFactoryBean:Closing JPA EntityManagerFactory for persistence unit 'default'
""2026-05-11 12:42:58,994 INFO  [SpringApplicationShutdownHook] com.zaxxer.hikari.HikariDataSource:HikariPool-1 - Shutdown initiated...
""2026-05-11 12:42:58,997 INFO  [SpringApplicationShutdownHook] com.zaxxer.hikari.HikariDataSource:HikariPool-1 - Shutdown completed.
"